Archive member included because of file (symbol)

/Users/steven/Desktop/DragonFire/Projects/Embedded/DragonFireV2/CMSISv2p00_LPC11Uxx/Debug/libCMSISv2p00_LPC11Uxx.a(system_LPC11Uxx.o)
                              ./src/cr_startup_lpc11u.o (SystemInit)
/Applications/LPCXpresso/lpcxpresso/tools/bin/../lib/gcc/arm-none-eabi/4.6.2/../../../../arm-none-eabi/lib/armv6-m/libcr_semihost.a(_cr__main.o)
                              ./src/cr_startup_lpc11u.o (__main)
/Applications/LPCXpresso/lpcxpresso/tools/bin/../lib/gcc/arm-none-eabi/4.6.2/../../../../arm-none-eabi/lib/armv6-m/libcr_c.a(fpprintf.o)
                              ./src/lib/gpio.o (printf)
/Applications/LPCXpresso/lpcxpresso/tools/bin/../lib/gcc/arm-none-eabi/4.6.2/../../../../arm-none-eabi/lib/armv6-m/libcr_c.a(initio.o)
                              /Applications/LPCXpresso/lpcxpresso/tools/bin/../lib/gcc/arm-none-eabi/4.6.2/../../../../arm-none-eabi/lib/armv6-m/libcr_semihost.a(_cr__main.o) (_initio)
/Applications/LPCXpresso/lpcxpresso/tools/bin/../lib/gcc/arm-none-eabi/4.6.2/../../../../arm-none-eabi/lib/armv6-m/libcr_c.a(itoa.o)
                              ./src/lib/gpio.o (itoa)
/Applications/LPCXpresso/lpcxpresso/tools/bin/../lib/gcc/arm-none-eabi/4.6.2/../../../../arm-none-eabi/lib/armv6-m/libcr_c.a(printf.o)
                              /Applications/LPCXpresso/lpcxpresso/tools/bin/../lib/gcc/arm-none-eabi/4.6.2/../../../../arm-none-eabi/lib/armv6-m/libcr_c.a(fpprintf.o) (__vfprintf)
/Applications/LPCXpresso/lpcxpresso/tools/bin/../lib/gcc/arm-none-eabi/4.6.2/../../../../arm-none-eabi/lib/armv6-m/libcr_c.a(setvbuf.o)
                              /Applications/LPCXpresso/lpcxpresso/tools/bin/../lib/gcc/arm-none-eabi/4.6.2/../../../../arm-none-eabi/lib/armv6-m/libcr_c.a(initio.o) (setvbuf)
/Applications/LPCXpresso/lpcxpresso/tools/bin/../lib/gcc/arm-none-eabi/4.6.2/../../../../arm-none-eabi/lib/armv6-m/libcr_c.a(stdio.o)
                              /Applications/LPCXpresso/lpcxpresso/tools/bin/../lib/gcc/arm-none-eabi/4.6.2/../../../../arm-none-eabi/lib/armv6-m/libcr_c.a(fpprintf.o) (__Ciob)
/Applications/LPCXpresso/lpcxpresso/tools/bin/../lib/gcc/arm-none-eabi/4.6.2/../../../../arm-none-eabi/lib/armv6-m/libcr_c.a(strlen.o)
                              /Applications/LPCXpresso/lpcxpresso/tools/bin/../lib/gcc/arm-none-eabi/4.6.2/../../../../arm-none-eabi/lib/armv6-m/libcr_c.a(printf.o) (strlen)
/Applications/LPCXpresso/lpcxpresso/tools/bin/../lib/gcc/arm-none-eabi/4.6.2/../../../../arm-none-eabi/lib/armv6-m/libcr_c.a(memset.o)
                              /Applications/LPCXpresso/lpcxpresso/tools/bin/../lib/gcc/arm-none-eabi/4.6.2/../../../../arm-none-eabi/lib/armv6-m/libcr_c.a(fpprintf.o) (memset)
/Applications/LPCXpresso/lpcxpresso/tools/bin/../lib/gcc/arm-none-eabi/4.6.2/../../../../arm-none-eabi/lib/armv6-m/libcr_c.a(__fillbuf.o)
                              /Applications/LPCXpresso/lpcxpresso/tools/bin/../lib/gcc/arm-none-eabi/4.6.2/../../../../arm-none-eabi/lib/armv6-m/libcr_c.a(stdio.o) (__filbuf)
/Applications/LPCXpresso/lpcxpresso/tools/bin/../lib/gcc/arm-none-eabi/4.6.2/../../../../arm-none-eabi/lib/armv6-m/libcr_c.a(_deferredlazyseek.o)
                              /Applications/LPCXpresso/lpcxpresso/tools/bin/../lib/gcc/arm-none-eabi/4.6.2/../../../../arm-none-eabi/lib/armv6-m/libcr_c.a(__fillbuf.o) (_deferredlazyseek)
/Applications/LPCXpresso/lpcxpresso/tools/bin/../lib/gcc/arm-none-eabi/4.6.2/../../../../arm-none-eabi/lib/armv6-m/libcr_c.a(_fdopen.o)
                              /Applications/LPCXpresso/lpcxpresso/tools/bin/../lib/gcc/arm-none-eabi/4.6.2/../../../../arm-none-eabi/lib/armv6-m/libcr_c.a(initio.o) (_fdopen)
/Applications/LPCXpresso/lpcxpresso/tools/bin/../lib/gcc/arm-none-eabi/4.6.2/../../../../arm-none-eabi/lib/armv6-m/libcr_c.a(_fflush.o)
                              /Applications/LPCXpresso/lpcxpresso/tools/bin/../lib/gcc/arm-none-eabi/4.6.2/../../../../arm-none-eabi/lib/armv6-m/libcr_c.a(__fillbuf.o) (_fflush)
/Applications/LPCXpresso/lpcxpresso/tools/bin/../lib/gcc/arm-none-eabi/4.6.2/../../../../arm-none-eabi/lib/armv6-m/libcr_c.a(_frexpl.o)
                              /Applications/LPCXpresso/lpcxpresso/tools/bin/../lib/gcc/arm-none-eabi/4.6.2/../../../../arm-none-eabi/lib/armv6-m/libcr_c.a(fpprintf.o) (_frexpl)
/Applications/LPCXpresso/lpcxpresso/tools/bin/../lib/gcc/arm-none-eabi/4.6.2/../../../../arm-none-eabi/lib/armv6-m/libcr_c.a(_ldexpl.o)
                              /Applications/LPCXpresso/lpcxpresso/tools/bin/../lib/gcc/arm-none-eabi/4.6.2/../../../../arm-none-eabi/lib/armv6-m/libcr_c.a(fpprintf.o) (_ldexpl)
/Applications/LPCXpresso/lpcxpresso/tools/bin/../lib/gcc/arm-none-eabi/4.6.2/../../../../arm-none-eabi/lib/armv6-m/libcr_c.a(_writebuf.o)
                              /Applications/LPCXpresso/lpcxpresso/tools/bin/../lib/gcc/arm-none-eabi/4.6.2/../../../../arm-none-eabi/lib/armv6-m/libcr_c.a(_deferredlazyseek.o) (_Cwritebuf)
[...]
Memory Configuration

Name             Origin             Length             Attributes
MFlash32         0x0000000000000000 0x0000000000008000 xr
RamLoc4          0x0000000010000000 0x0000000000001000 xrw
RamUsb2          0x0000000020004000 0x0000000000000800 xrw
*default*        0x0000000000000000 0xffffffffffffffff

Linker script and memory map

LOAD ./src/lib/delay.o
LOAD ./src/lib/gpio.o
LOAD ./src/lib/i2c.o
LOAD ./src/lib/ssp.o
LOAD ./src/lib/timer16.o
LOAD ./src/SDCard/src/ff.o
LOAD ./src/SDCard/src/mmc.o
LOAD ./src/MEMS/MPU_6050.o
LOAD ./src/cr_startup_lpc11u.o
LOAD ./src/main.o
LOAD /Users/steven/Desktop/DragonFire/Projects/Embedded/DragonFireV2/CMSISv2p00_LPC11Uxx/Debug/libCMSISv2p00_LPC11Uxx.a
START GROUP
LOAD /Applications/LPCXpresso/lpcxpresso/tools/bin/../lib/gcc/arm-none-eabi/4.6.2/../../../../arm-none-eabi/lib/armv6-m/libcr_semihost.a
LOAD /Applications/LPCXpresso/lpcxpresso/tools/bin/../lib/gcc/arm-none-eabi/4.6.2/../../../../arm-none-eabi/lib/armv6-m/libcr_c.a
LOAD /Applications/LPCXpresso/lpcxpresso/tools/bin/../lib/gcc/arm-none-eabi/4.6.2/armv6-m/libcr_eabihelpers.a
END GROUP
                0x0000000000008000                __top_MFlash32 = 0x8000
                0x0000000010001000                __top_RamLoc4 = 0x10001000
                0x0000000020004800                __top_RamUsb2 = 0x20004800

.text           0x0000000000000000     0x7b58
 FILL mask 0xff
 *(.isr_vector)
 .isr_vector    0x0000000000000000       0xc0 ./src/cr_startup_lpc11u.o
                0x0000000000000000                g_pfnVectors
                0x00000000000000c0                . = ALIGN (0x4)
                0x00000000000000c0                __section_table_start = .
                0x00000000000000c0                __data_section_table = .
                0x00000000000000c0        0x4 LONG 0x7b58 LOADADDR (.data)
                0x00000000000000c4        0x4 LONG 0x10000000 ADDR (.data)
                0x00000000000000c8        0x4 LONG 0x4 SIZEOF (.data)
                0x00000000000000cc        0x4 LONG 0x7b58 LOADADDR (.data_RAM2)
                0x00000000000000d0        0x4 LONG 0x20004000 ADDR (.data_RAM2)
                0x00000000000000d4        0x4 LONG 0x0 SIZEOF (.data_RAM2)
                0x00000000000000d8                __data_section_table_end = .
                0x00000000000000d8                __bss_section_table = .
                0x00000000000000d8        0x4 LONG 0x10000004 ADDR (.bss)
                0x00000000000000dc        0x4 LONG 0x6e0 SIZEOF (.bss)
                0x00000000000000e0        0x4 LONG 0x20004000 ADDR (.bss_RAM2)
                0x00000000000000e4        0x4 LONG 0x0 SIZEOF (.bss_RAM2)
                0x00000000000000e8                __bss_section_table_end = .
                0x00000000000000e8                __section_table_end = .
 *(.after_vectors*)
 .after_vectors
                0x00000000000000e8       0x80 ./src/cr_startup_lpc11u.o
                0x00000000000000e8                NMI_Handler
                0x00000000000000ec                HardFault_Handler
                0x00000000000000f0                SVC_Handler
                0x00000000000000f4                PendSV_Handler
                0x00000000000000f8                SysTick_Handler
                0x00000000000000fc                data_init
                0x000000000000010e                bss_init
                0x0000000000000120                ResetISR
                0x0000000000000164                ADC_IRQHandler
                0x0000000000000164                SSP1_IRQHandler
                0x0000000000000164                USB_IRQHandler
                0x0000000000000164                BOD_IRQHandler
                0x0000000000000164                WDT_IRQHandler
                0x0000000000000164                FMC_IRQHandler
                0x0000000000000164                UART_IRQHandler
                0x0000000000000164                TIMER32_0_IRQHandler
                0x0000000000000164                TIMER32_1_IRQHandler
                0x0000000000000164                IntDefaultHandler
                0x0000000000000164                SSP0_IRQHandler
                0x0000000000000164                USBWakeup_IRQHandler
                0x0000000000000164                USB_FIQHandler
                0x00000000000002fc                . = 0x2fc
 *fill*         0x0000000000000168      0x194 ff
                0x00000000000002fc                PROVIDE (__CRP_WORD_START__, .)
 *(.crp)
 .crp           0x00000000000002fc        0x4 ./src/main.o
                0x00000000000002fc                CRP_WORD
                0x0000000000000300                PROVIDE (__CRP_WORD_END__, .)
                0x0000000000000001                ASSERT (! ((__CRP_WORD_START__ == __CRP_WORD_END__)), Linker CRP Enabled, but no CRP_WORD provided within application)
 *(.text*)
 .text.dly_us   0x0000000000000300       0x2c ./src/lib/delay.o
                0x0000000000000300                dly_us
 .text.NVIC_EnableIRQ
                0x000000000000032c       0x2c ./src/lib/gpio.o
 .text.NVIC_DisableIRQ
                0x0000000000000358       0x30 ./src/lib/gpio.o
 .text.FLEX_INT0_IRQHandler
                0x0000000000000388      0x3d8 ./src/lib/gpio.o
                0x0000000000000388                FLEX_INT0_IRQHandler
 .text.FLEX_INT1_IRQHandler
                0x0000000000000760       0x8c ./src/lib/gpio.o
                0x0000000000000760                FLEX_INT1_IRQHandler
 .text.FLEX_INT2_IRQHandler
                0x00000000000007ec       0x8c ./src/lib/gpio.o
                0x00000000000007ec                FLEX_INT2_IRQHandler
 .text.FLEX_INT3_IRQHandler
                0x0000000000000878       0x8c ./src/lib/gpio.o
                0x0000000000000878                FLEX_INT3_IRQHandler
 .text.FLEX_INT4_IRQHandler
                0x0000000000000904       0x8c ./src/lib/gpio.o
                0x0000000000000904                FLEX_INT4_IRQHandler
 .text.FLEX_INT5_IRQHandler
                0x0000000000000990       0x8c ./src/lib/gpio.o
                0x0000000000000990                FLEX_INT5_IRQHandler
 .text.FLEX_INT6_IRQHandler
                0x0000000000000a1c       0x8c ./src/lib/gpio.o
                0x0000000000000a1c                FLEX_INT6_IRQHandler
 .text.FLEX_INT7_IRQHandler
                0x0000000000000aa8       0x8c ./src/lib/gpio.o
                0x0000000000000aa8                FLEX_INT7_IRQHandler
 .text.GINT0_IRQHandler
                0x0000000000000b34       0x60 ./src/lib/gpio.o
                0x0000000000000b34                GINT0_IRQHandler
 .text.GINT1_IRQHandler
                0x0000000000000b94       0x60 ./src/lib/gpio.o
                0x0000000000000b94                GINT1_IRQHandler
 .text.GPIOInit
                0x0000000000000bf4       0x30 ./src/lib/gpio.o
                0x0000000000000bf4                GPIOInit
 .text.GPIOSetFlexInterrupt
                0x0000000000000c24      0x224 ./src/lib/gpio.o
                0x0000000000000c24                GPIOSetFlexInterrupt
 .text.GPIOGetPinValue
                0x0000000000000e48       0x5c ./src/lib/gpio.o
                0x0000000000000e48                GPIOGetPinValue
 .text.GPIOSetBitValue
                0x0000000000000ea4       0x54 ./src/lib/gpio.o
                0x0000000000000ea4                GPIOSetBitValue
 .text.GPIOSetDir
                0x0000000000000ef8       0x78 ./src/lib/gpio.o
                0x0000000000000ef8                GPIOSetDir
 .text.NVIC_EnableIRQ
                0x0000000000000f70       0x2c ./src/lib/i2c.o
 .text.NVIC_SetPriority
                0x0000000000000f9c       0xe0 ./src/lib/i2c.o
 .text.I2C_IRQHandler
                0x000000000000107c      0x210 ./src/lib/i2c.o
                0x000000000000107c                I2C_IRQHandler
 .text.I2CStart
                0x000000000000128c       0x44 ./src/lib/i2c.o
 .text.I2CStop  0x00000000000012d0       0x50 ./src/lib/i2c.o
 .text.I2CInit  0x0000000000001320       0x8c ./src/lib/i2c.o
                0x0000000000001320                I2CInit
 .text.I2CEngine
                0x00000000000013ac       0x48 ./src/lib/i2c.o
                0x00000000000013ac                I2CEngine
 .text.readRegister
                0x00000000000013f4       0x60 ./src/lib/i2c.o
                0x00000000000013f4                readRegister
 .text.writeRegister
                0x0000000000001454       0x4c ./src/lib/i2c.o
                0x0000000000001454                writeRegister
 .text.SSP0_Init
                0x00000000000014a0       0xa4 ./src/lib/ssp.o
                0x00000000000014a0                SSP0_Init
 .text.SSP0_Send
                0x0000000000001544       0x70 ./src/lib/ssp.o
                0x0000000000001544                SSP0_Send
 .text.SSP0_Receive
                0x00000000000015b4       0x50 ./src/lib/ssp.o
                0x00000000000015b4                SSP0_Receive
 .text.TIMER16_0_IRQHandler
                0x0000000000001604       0x50 ./src/lib/timer16.o
                0x0000000000001604                TIMER16_0_IRQHandler
 .text.TIMER16_1_IRQHandler
                0x0000000000001654        0x8 ./src/lib/timer16.o
                0x0000000000001654                TIMER16_1_IRQHandler
 .text.mem_cpy  0x000000000000165c       0x44 ./src/SDCard/src/ff.o
 .text.mem_set  0x00000000000016a0       0x38 ./src/SDCard/src/ff.o
 .text.mem_cmp  0x00000000000016d8       0x5c ./src/SDCard/src/ff.o
 .text.chk_chr  0x0000000000001734       0x34 ./src/SDCard/src/ff.o
 .text.move_window
                0x0000000000001768       0xd4 ./src/SDCard/src/ff.o
 .text.sync     0x000000000000183c      0x194 ./src/SDCard/src/ff.o
 .text.clust2sect
                0x00000000000019d0       0x38 ./src/SDCard/src/ff.o
                0x00000000000019d0                clust2sect
 .text.get_fat  0x0000000000001a08      0x168 ./src/SDCard/src/ff.o
                0x0000000000001a08                get_fat
 .text.put_fat  0x0000000000001b70      0x248 ./src/SDCard/src/ff.o
                0x0000000000001b70                put_fat
 .text.remove_chain
                0x0000000000001db8       0xc0 ./src/SDCard/src/ff.o
 .text.create_chain
                0x0000000000001e78      0x140 ./src/SDCard/src/ff.o
 .text.dir_sdi  0x0000000000001fb8      0x128 ./src/SDCard/src/ff.o
 .text.dir_next
                0x00000000000020e0      0x1dc ./src/SDCard/src/ff.o
 .text.ld_clust
                0x00000000000022bc       0x54 ./src/SDCard/src/ff.o
 .text.st_clust
                0x0000000000002310       0x48 ./src/SDCard/src/ff.o
 .text.dir_find
                0x0000000000002358       0xc8 ./src/SDCard/src/ff.o
 .text.dir_register
                0x0000000000002420       0xec ./src/SDCard/src/ff.o
 .text.create_name
                0x000000000000250c      0x2a8 ./src/SDCard/src/ff.o
 .text.follow_path
                0x00000000000027b4      0x108 ./src/SDCard/src/ff.o
 .text.check_fs
                0x00000000000028bc       0xc8 ./src/SDCard/src/ff.o
 .text.chk_mounted
                0x0000000000002984      0x5f0 ./src/SDCard/src/ff.o
 .text.validate
                0x0000000000002f74       0x58 ./src/SDCard/src/ff.o
 .text.sd_die   0x0000000000002fcc       0x20 ./src/SDCard/src/ff.o
                0x0000000000002fcc                sd_die
 .text.f_mount  0x0000000000002fec       0x58 ./src/SDCard/src/ff.o
                0x0000000000002fec                f_mount
 .text.f_open   0x0000000000003044      0x300 ./src/SDCard/src/ff.o
                0x0000000000003044                f_open
 .text.f_write  0x0000000000003344      0x344 ./src/SDCard/src/ff.o
                0x0000000000003344                f_write
 .text.f_sync   0x0000000000003688      0x17c ./src/SDCard/src/ff.o
                0x0000000000003688                f_sync
 .text.f_close  0x0000000000003804       0x38 ./src/SDCard/src/ff.o
                0x0000000000003804                f_close
 .text.f_lseek  0x000000000000383c      0x2dc ./src/SDCard/src/ff.o
                0x000000000000383c                f_lseek
 .text.f_mkdir  0x0000000000003b18      0x2e0 ./src/SDCard/src/ff.o
                0x0000000000003b18                f_mkdir
 .text.get_fattime
                0x0000000000003df8       0x10 ./src/SDCard/src/mmc.o
                0x0000000000003df8                get_fattime
 .text.xmit_mmc
                0x0000000000003e08       0x1c ./src/SDCard/src/mmc.o
 .text.rcvr_mmc
                0x0000000000003e24       0x1c ./src/SDCard/src/mmc.o
 .text.wait_ready
                0x0000000000003e40       0x48 ./src/SDCard/src/mmc.o
 .text.deselect
                0x0000000000003e88       0x20 ./src/SDCard/src/mmc.o
 .text.select   0x0000000000003ea8       0x34 ./src/SDCard/src/mmc.o
 .text.rcvr_datablock
                0x0000000000003edc       0x70 ./src/SDCard/src/mmc.o
 .text.xmit_datablock
                0x0000000000003f4c       0x7c ./src/SDCard/src/mmc.o
 .text.send_cmd
                0x0000000000003fc8      0x130 ./src/SDCard/src/mmc.o
 .text.disk_status
                0x00000000000040f8       0x70 ./src/SDCard/src/mmc.o
                0x00000000000040f8                disk_status
 .text.disk_initialize
                0x0000000000004168      0x1c4 ./src/SDCard/src/mmc.o
                0x0000000000004168                disk_initialize
 .text.disk_read
                0x000000000000432c       0xf8 ./src/SDCard/src/mmc.o
                0x000000000000432c                disk_read
 .text.disk_write
                0x0000000000004424      0x114 ./src/SDCard/src/mmc.o
                0x0000000000004424                disk_write
 .text.disk_ioctl
                0x0000000000004538      0x16c ./src/SDCard/src/mmc.o
                0x0000000000004538                disk_ioctl
 .text.NVIC_EnableIRQ
                0x00000000000046a4       0x2c ./src/MEMS/MPU_6050.o
 .text.NVIC_DisableIRQ
                0x00000000000046d0       0x30 ./src/MEMS/MPU_6050.o
 .text.NVIC_SetPriority
                0x0000000000004700       0xe0 ./src/MEMS/MPU_6050.o
 .text.MEMSInit
                0x00000000000047e0       0x6c ./src/MEMS/MPU_6050.o
                0x00000000000047e0                MEMSInit
 .text.startMEMS
                0x000000000000484c       0x14 ./src/MEMS/MPU_6050.o
                0x000000000000484c                startMEMS
 .text.stopMEMS
                0x0000000000004860       0x14 ./src/MEMS/MPU_6050.o
                0x0000000000004860                stopMEMS
 .text.getRawAccelX
                0x0000000000004874       0x44 ./src/MEMS/MPU_6050.o
                0x0000000000004874                getRawAccelX
 .text.getRawAccelY
                0x00000000000048b8       0x44 ./src/MEMS/MPU_6050.o
                0x00000000000048b8                getRawAccelY
 .text.getRawAccelZ
                0x00000000000048fc       0x44 ./src/MEMS/MPU_6050.o
                0x00000000000048fc                getRawAccelZ
 .text.getRawGyroX
                0x0000000000004940       0x44 ./src/MEMS/MPU_6050.o
                0x0000000000004940                getRawGyroX
 .text.getRawGyroY
                0x0000000000004984       0x44 ./src/MEMS/MPU_6050.o
                0x0000000000004984                getRawGyroY
 .text.getRawGyroZ
                0x00000000000049c8       0x44 ./src/MEMS/MPU_6050.o
                0x00000000000049c8                getRawGyroZ
 .text.format_SD
                0x0000000000004a0c       0xe4 ./src/main.o
                0x0000000000004a0c                format_SD
 .text.main     0x0000000000004af0       0x80 ./src/main.o
                0x0000000000004af0                main
 .text.SystemInit
                0x0000000000004b70       0xd4 /Users/steven/Desktop/DragonFire/Projects/Embedded/DragonFireV2/CMSISv2p00_LPC11Uxx/Debug/libCMSISv2p00_LPC11Uxx.a(system_LPC11Uxx.o)
                0x0000000000004b70                SystemInit
 .text.__main   0x0000000000004c44       0x12 /Applications/LPCXpresso/lpcxpresso/tools/bin/../lib/gcc/arm-none-eabi/4.6.2/../../../../arm-none-eabi/lib/armv6-m/libcr_semihost.a(_cr__main.o)
                0x0000000000004c44                __main
                0x0000000000004c44                __CR_SEMIHOST
 .text.lose_trailing_zeros
                0x0000000000004c56       0x22 /Applications/LPCXpresso/lpcxpresso/tools/bin/../lib/gcc/arm-none-eabi/4.6.2/../../../../arm-none-eabi/lib/armv6-m/libcr_c.a(fpprintf.o)
 .text.fp_round
                0x0000000000004c78       0x4c /Applications/LPCXpresso/lpcxpresso/tools/bin/../lib/gcc/arm-none-eabi/4.6.2/../../../../arm-none-eabi/lib/armv6-m/libcr_c.a(fpprintf.o)
 .text.pr_dec.constprop.1
                0x0000000000004cc4       0x2a /Applications/LPCXpresso/lpcxpresso/tools/bin/../lib/gcc/arm-none-eabi/4.6.2/../../../../arm-none-eabi/lib/armv6-m/libcr_c.a(fpprintf.o)
 *fill*         0x0000000000004cee        0x2 00
 .text.sprintf  0x0000000000004cf0       0x78 /Applications/LPCXpresso/lpcxpresso/tools/bin/../lib/gcc/arm-none-eabi/4.6.2/../../../../arm-none-eabi/lib/armv6-m/libcr_c.a(fpprintf.o)
                0x0000000000004cf0                sprintf
 .text.fp_display
                0x0000000000004d68      0x978 /Applications/LPCXpresso/lpcxpresso/tools/bin/../lib/gcc/arm-none-eabi/4.6.2/../../../../arm-none-eabi/lib/armv6-m/libcr_c.a(fpprintf.o)
 .text.vsnprintf
                0x00000000000056e0       0x5c /Applications/LPCXpresso/lpcxpresso/tools/bin/../lib/gcc/arm-none-eabi/4.6.2/../../../../arm-none-eabi/lib/armv6-m/libcr_c.a(fpprintf.o)
                0x00000000000056e0                vsnprintf
 .text.printf   0x000000000000573c       0x50 /Applications/LPCXpresso/lpcxpresso/tools/bin/../lib/gcc/arm-none-eabi/4.6.2/../../../../arm-none-eabi/lib/armv6-m/libcr_c.a(fpprintf.o)
                0x000000000000573c                printf
 .text._initio  0x000000000000578c       0xa0 /Applications/LPCXpresso/lpcxpresso/tools/bin/../lib/gcc/arm-none-eabi/4.6.2/../../../../arm-none-eabi/lib/armv6-m/libcr_c.a(initio.o)
                0x000000000000578c                _initio
 .text.itoa     0x000000000000582c       0x68 /Applications/LPCXpresso/lpcxpresso/tools/bin/../lib/gcc/arm-none-eabi/4.6.2/../../../../arm-none-eabi/lib/armv6-m/libcr_c.a(itoa.o)
                0x000000000000582c                itoa
 .text.__vfprintf
                0x0000000000005894      0xe18 /Applications/LPCXpresso/lpcxpresso/tools/bin/../lib/gcc/arm-none-eabi/4.6.2/../../../../arm-none-eabi/lib/armv6-m/libcr_c.a(printf.o)
                0x0000000000005894                __vfprintf
 .text.setvbuf  0x00000000000066ac       0x48 /Applications/LPCXpresso/lpcxpresso/tools/bin/../lib/gcc/arm-none-eabi/4.6.2/../../../../arm-none-eabi/lib/armv6-m/libcr_c.a(setvbuf.o)
                0x00000000000066ac                setvbuf
 .text.strlen   0x00000000000066f4       0x58 /Applications/LPCXpresso/lpcxpresso/tools/bin/../lib/gcc/arm-none-eabi/4.6.2/../../../../arm-none-eabi/lib/armv6-m/libcr_c.a(strlen.o)
                0x00000000000066f4                strlen
 .text.memset   0x000000000000674c        0x8 /Applications/LPCXpresso/lpcxpresso/tools/bin/../lib/gcc/arm-none-eabi/4.6.2/../../../../arm-none-eabi/lib/armv6-m/libcr_c.a(memset.o)
                0x000000000000674c                memset
 .text._deferredlazyseek
                0x0000000000006754       0x44 /Applications/LPCXpresso/lpcxpresso/tools/bin/../lib/gcc/arm-none-eabi/4.6.2/../../../../arm-none-eabi/lib/armv6-m/libcr_c.a(_deferredlazyseek.o)
                0x0000000000006754                _deferredlazyseek
 .text.__flsbuf
                0x0000000000006798      0x154 /Applications/LPCXpresso/lpcxpresso/tools/bin/../lib/gcc/arm-none-eabi/4.6.2/../../../../arm-none-eabi/lib/armv6-m/libcr_c.a(_deferredlazyseek.o)
                0x0000000000006798                __flsbuf
 .text._fdopen  0x00000000000068ec       0x78 /Applications/LPCXpresso/lpcxpresso/tools/bin/../lib/gcc/arm-none-eabi/4.6.2/../../../../arm-none-eabi/lib/armv6-m/libcr_c.a(_fdopen.o)
                0x00000000000068ec                _fdopen
 .text._fflush  0x0000000000006964       0x60 /Applications/LPCXpresso/lpcxpresso/tools/bin/../lib/gcc/arm-none-eabi/4.6.2/../../../../arm-none-eabi/lib/armv6-m/libcr_c.a(_fflush.o)
                0x0000000000006964                _fflush
 *fill*         0x00000000000069c4        0x4 00
 .text._frexpl  0x00000000000069c8       0x88 /Applications/LPCXpresso/lpcxpresso/tools/bin/../lib/gcc/arm-none-eabi/4.6.2/../../../../arm-none-eabi/lib/armv6-m/libcr_c.a(_frexpl.o)
                0x00000000000069c8                _frexpl
 .text._ldexpl  0x0000000000006a50       0x68 /Applications/LPCXpresso/lpcxpresso/tools/bin/../lib/gcc/arm-none-eabi/4.6.2/../../../../arm-none-eabi/lib/armv6-m/libcr_c.a(_ldexpl.o)
                0x0000000000006a50                _ldexpl
 .text._Cwritebuf
                0x0000000000006ab8       0x6c /Applications/LPCXpresso/lpcxpresso/tools/bin/../lib/gcc/arm-none-eabi/4.6.2/../../../../arm-none-eabi/lib/armv6-m/libcr_c.a(_writebuf.o)
                0x0000000000006ab8                _Cwritebuf
 .text.malloc   0x0000000000006b24       0xbc /Applications/LPCXpresso/lpcxpresso/tools/bin/../lib/gcc/arm-none-eabi/4.6.2/../../../../arm-none-eabi/lib/armv6-m/libcr_c.a(alloc.o)
                0x0000000000006b24                malloc
 .text.free     0x0000000000006be0        0xa /Applications/LPCXpresso/lpcxpresso/tools/bin/../lib/gcc/arm-none-eabi/4.6.2/../../../../arm-none-eabi/lib/armv6-m/libcr_c.a(alloc.o)
                0x0000000000006be0                free
 *fill*         0x0000000000006bea        0x2 00
 .text._Csys_alloc
                0x0000000000006bec       0x20 /Applications/LPCXpresso/lpcxpresso/tools/bin/../lib/gcc/arm-none-eabi/4.6.2/../../../../arm-none-eabi/lib/armv6-m/libcr_c.a(alloc.o)
                0x0000000000006bec                _Csys_alloc
 .text.fclose   0x0000000000006c0c       0x70 /Applications/LPCXpresso/lpcxpresso/tools/bin/../lib/gcc/arm-none-eabi/4.6.2/../../../../arm-none-eabi/lib/armv6-m/libcr_c.a(fclose.o)
                0x0000000000006c0c                fclose
 .text.fflush   0x0000000000006c7c       0x38 /Applications/LPCXpresso/lpcxpresso/tools/bin/../lib/gcc/arm-none-eabi/4.6.2/../../../../arm-none-eabi/lib/armv6-m/libcr_c.a(fflush.o)
                0x0000000000006c7c                fflush
 .text.fseek    0x0000000000006cb4       0xf0 /Applications/LPCXpresso/lpcxpresso/tools/bin/../lib/gcc/arm-none-eabi/4.6.2/../../../../arm-none-eabi/lib/armv6-m/libcr_c.a(fseek.o)
                0x0000000000006cb4                fseek
 .text.ftell    0x0000000000006da4       0x4c /Applications/LPCXpresso/lpcxpresso/tools/bin/../lib/gcc/arm-none-eabi/4.6.2/../../../../arm-none-eabi/lib/armv6-m/libcr_c.a(ftell.o)
                0x0000000000006da4                ftell
 .text.remove   0x0000000000006df0       0x12 /Applications/LPCXpresso/lpcxpresso/tools/bin/../lib/gcc/arm-none-eabi/4.6.2/../../../../arm-none-eabi/lib/armv6-m/libcr_c.a(remove.o)
                0x0000000000006df0                remove
 *fill*         0x0000000000006e02        0x2 00
 .text._do_fflush
                0x0000000000006e04       0x48 /Applications/LPCXpresso/lpcxpresso/tools/bin/../lib/gcc/arm-none-eabi/4.6.2/../../../../arm-none-eabi/lib/armv6-m/libcr_c.a(_do_fflush.o)
                0x0000000000006e04                _do_fflush
 .text.__aeabi_division_idivmod
                0x0000000000006e4c        0x6 /Applications/LPCXpresso/lpcxpresso/tools/bin/../lib/gcc/arm-none-eabi/4.6.2/armv6-m/libcr_eabihelpers.a(division.o)
                0x0000000000006e4c                __aeabi_idiv
                0x0000000000006e4c                __aeabi_idivmod
 .text.__aeabi_division_uidivmod
                0x0000000000006e52       0x72 /Applications/LPCXpresso/lpcxpresso/tools/bin/../lib/gcc/arm-none-eabi/4.6.2/armv6-m/libcr_eabihelpers.a(division.o)
                0x0000000000006e52                __aeabi_uidiv
                0x0000000000006e52                __aeabi_uidivmod
 .text.__aeabi_division_idiv0
                0x0000000000006ec4        0x2 /Applications/LPCXpresso/lpcxpresso/tools/bin/../lib/gcc/arm-none-eabi/4.6.2/armv6-m/libcr_eabihelpers.a(division.o)
                0x0000000000006ec4                __aeabi_idiv0
 *fill*         0x0000000000006ec6        0x2 00
 .text.__aeabi_dmul
                0x0000000000006ec8      0x180 /Applications/LPCXpresso/lpcxpresso/tools/bin/../lib/gcc/arm-none-eabi/4.6.2/armv6-m/libcr_eabihelpers.a(double.o)
                0x0000000000006ec8                __aeabi_dmul
 .text.__aeabi_ddiv
                0x0000000000007048      0x178 /Applications/LPCXpresso/lpcxpresso/tools/bin/../lib/gcc/arm-none-eabi/4.6.2/armv6-m/libcr_eabihelpers.a(double.o)
                0x0000000000007048                __aeabi_ddiv
 .text.__aeabi_dsub
                0x00000000000071c0      0x1d8 /Applications/LPCXpresso/lpcxpresso/tools/bin/../lib/gcc/arm-none-eabi/4.6.2/armv6-m/libcr_eabihelpers.a(double.o)
                0x00000000000071c0                __aeabi_dsub
 .text.__aeabi_dadd
                0x0000000000007398      0x140 /Applications/LPCXpresso/lpcxpresso/tools/bin/../lib/gcc/arm-none-eabi/4.6.2/armv6-m/libcr_eabihelpers.a(double.o)
                0x0000000000007398                __aeabi_dadd
 .text.__aeabi_d2iz
                0x00000000000074d8       0x4c /Applications/LPCXpresso/lpcxpresso/tools/bin/../lib/gcc/arm-none-eabi/4.6.2/armv6-m/libcr_eabihelpers.a(double.o)
                0x00000000000074d8                __aeabi_d2iz
 .text.__bhs_ui2d
                0x0000000000007524       0x5e /Applications/LPCXpresso/lpcxpresso/tools/bin/../lib/gcc/arm-none-eabi/4.6.2/armv6-m/libcr_eabihelpers.a(double.o)
                0x0000000000007524                __bhs_ui2d
 .text.__aeabi_i2d
                0x0000000000007582       0x16 /Applications/LPCXpresso/lpcxpresso/tools/bin/../lib/gcc/arm-none-eabi/4.6.2/armv6-m/libcr_eabihelpers.a(double.o)
                0x0000000000007582                __aeabi_i2d
 .text.__aeabi_dcmpeq
                0x0000000000007598       0x40 /Applications/LPCXpresso/lpcxpresso/tools/bin/../lib/gcc/arm-none-eabi/4.6.2/armv6-m/libcr_eabihelpers.a(double.o)
                0x0000000000007598                __aeabi_dcmpeq
 .text.__aeabi_dcmplt
                0x00000000000075d8       0x64 /Applications/LPCXpresso/lpcxpresso/tools/bin/../lib/gcc/arm-none-eabi/4.6.2/armv6-m/libcr_eabihelpers.a(double.o)
                0x00000000000075d8                __aeabi_dcmplt
 .text.__aeabi_dcmple
                0x000000000000763c       0x64 /Applications/LPCXpresso/lpcxpresso/tools/bin/../lib/gcc/arm-none-eabi/4.6.2/armv6-m/libcr_eabihelpers.a(double.o)
                0x000000000000763c                __aeabi_dcmple
 .text.__aeabi_dcmpge
                0x00000000000076a0       0x64 /Applications/LPCXpresso/lpcxpresso/tools/bin/../lib/gcc/arm-none-eabi/4.6.2/armv6-m/libcr_eabihelpers.a(double.o)
                0x00000000000076a0                __aeabi_dcmpge
 .text.__aeabi_llong_lmul
                0x0000000000007704       0x2e /Applications/LPCXpresso/lpcxpresso/tools/bin/../lib/gcc/arm-none-eabi/4.6.2/armv6-m/libcr_eabihelpers.a(llong.o)
                0x0000000000007704                __aeabi_lmul
 .text.__aeabi_memset_lowlevel
                0x0000000000007732       0x2a /Applications/LPCXpresso/lpcxpresso/tools/bin/../lib/gcc/arm-none-eabi/4.6.2/armv6-m/libcr_eabihelpers.a(memcpy.o)
                0x0000000000007732                __aeabi_lowlevel_memset
 .text.__sys_appexit
                0x000000000000775c        0xc /Applications/LPCXpresso/lpcxpresso/tools/bin/../lib/gcc/arm-none-eabi/4.6.2/../../../../arm-none-eabi/lib/armv6-m/libcr_semihost.a(__sys_appexit.o)
                0x000000000000775c                __exit
                0x000000000000775c                __sys_appexit
 .text.__sys_close
                0x0000000000007768        0xc /Applications/LPCXpresso/lpcxpresso/tools/bin/../lib/gcc/arm-none-eabi/4.6.2/../../../../arm-none-eabi/lib/armv6-m/libcr_semihost.a(__sys_close.o)
                0x0000000000007768                __sys_close
 .text.__sys_flen
                0x0000000000007774        0xc /Applications/LPCXpresso/lpcxpresso/tools/bin/../lib/gcc/arm-none-eabi/4.6.2/../../../../arm-none-eabi/lib/armv6-m/libcr_semihost.a(__sys_flen.o)
                0x0000000000007774                __sys_flen
 .text.__sys_istty
                0x0000000000007780        0xc /Applications/LPCXpresso/lpcxpresso/tools/bin/../lib/gcc/arm-none-eabi/4.6.2/../../../../arm-none-eabi/lib/armv6-m/libcr_semihost.a(__sys_istty.o)
                0x0000000000007780                __sys_istty
 .text.__sys_remove
                0x000000000000778c        0xc /Applications/LPCXpresso/lpcxpresso/tools/bin/../lib/gcc/arm-none-eabi/4.6.2/../../../../arm-none-eabi/lib/armv6-m/libcr_semihost.a(__sys_remove.o)
                0x000000000000778c                __sys_remove
 .text.__sys_seek
                0x0000000000007798        0xc /Applications/LPCXpresso/lpcxpresso/tools/bin/../lib/gcc/arm-none-eabi/4.6.2/../../../../arm-none-eabi/lib/armv6-m/libcr_semihost.a(__sys_seek.o)
                0x0000000000007798                __sys_seek
 .text.__sys_tmpnam
                0x00000000000077a4        0xc /Applications/LPCXpresso/lpcxpresso/tools/bin/../lib/gcc/arm-none-eabi/4.6.2/../../../../arm-none-eabi/lib/armv6-m/libcr_semihost.a(__sys_tmpnam.o)
                0x00000000000077a4                __sys_tmpnam
 .text.__sys_write
                0x00000000000077b0        0xc /Applications/LPCXpresso/lpcxpresso/tools/bin/../lib/gcc/arm-none-eabi/4.6.2/../../../../arm-none-eabi/lib/armv6-m/libcr_semihost.a(__sys_write.o)
                0x00000000000077b0                __write
                0x00000000000077b0                __sys_write
 .text._sbrk    0x00000000000077bc       0x40 /Applications/LPCXpresso/lpcxpresso/tools/bin/../lib/gcc/arm-none-eabi/4.6.2/../../../../arm-none-eabi/lib/armv6-m/libcr_semihost.a(_cr_sbrk.o)
                0x00000000000077bc                _sbrk
 .text.__check_heap_overflow
                0x00000000000077fc       0x2c /Applications/LPCXpresso/lpcxpresso/tools/bin/../lib/gcc/arm-none-eabi/4.6.2/../../../../arm-none-eabi/lib/armv6-m/libcr_semihost.a(_cr_check_heap.o)
                0x00000000000077fc                __check_heap_overflow
 *(.rodata .rodata.*)
 .rodata        0x0000000000007828       0x34 ./src/lib/gpio.o
 .rodata.GPIOSetFlexInterrupt
                0x000000000000785c       0x20 ./src/lib/gpio.o
 .rodata.I2C_IRQHandler
                0x000000000000787c      0x144 ./src/lib/i2c.o
 .rodata        0x00000000000079c0       0x24 ./src/SDCard/src/ff.o
 .rodata        0x00000000000079e4       0xd8 ./src/main.o
 .rodata.str1.1
                0x0000000000007abc       0x34 /Applications/LPCXpresso/lpcxpresso/tools/bin/../lib/gcc/arm-none-eabi/4.6.2/../../../../arm-none-eabi/lib/armv6-m/libcr_c.a(fpprintf.o)
                                         0x35 (size before relaxing)
 .rodata.str1.1
                0x0000000000007af0        0x4 /Applications/LPCXpresso/lpcxpresso/tools/bin/../lib/gcc/arm-none-eabi/4.6.2/../../../../arm-none-eabi/lib/armv6-m/libcr_c.a(initio.o)
 .rodata.digits
                0x0000000000007af4       0x11 /Applications/LPCXpresso/lpcxpresso/tools/bin/../lib/gcc/arm-none-eabi/4.6.2/../../../../arm-none-eabi/lib/armv6-m/libcr_c.a(itoa.o)
 .rodata.str1.1
                0x0000000000007b05       0x31 /Applications/LPCXpresso/lpcxpresso/tools/bin/../lib/gcc/arm-none-eabi/4.6.2/../../../../arm-none-eabi/lib/armv6-m/libcr_c.a(printf.o)
                                         0x38 (size before relaxing)
 .rodata.str1.1
                0x0000000000007b36       0x18 /Applications/LPCXpresso/lpcxpresso/tools/bin/../lib/gcc/arm-none-eabi/4.6.2/../../../../arm-none-eabi/lib/armv6-m/libcr_c.a(alloc.o)
 *fill*         0x0000000000007b4e        0x2 00
 .rodata.__huge_vall
                0x0000000000007b50        0x8 /Applications/LPCXpresso/lpcxpresso/tools/bin/../lib/gcc/arm-none-eabi/4.6.2/../../../../arm-none-eabi/lib/armv6-m/libcr_c.a(_hugeval.o)
                0x0000000000007b50                __huge_vall
                0x0000000000007b58                . = ALIGN (0x4)

.glue_7         0x0000000000007b58        0x0
 .glue_7        0x0000000000000000        0x0 linker stubs

.glue_7t        0x0000000000007b58        0x0
 .glue_7t       0x0000000000000000        0x0 linker stubs

.vfp11_veneer   0x0000000000007b58        0x0
 .vfp11_veneer  0x0000000000000000        0x0 linker stubs

.v4_bx          0x0000000000007b58        0x0
 .v4_bx         0x0000000000000000        0x0 linker stubs

.ARM.extab
 *(.ARM.extab* .gnu.linkonce.armextab.*)
                0x0000000000007b58                __exidx_start = .

.ARM.exidx
 *(.ARM.exidx* .gnu.linkonce.armexidx.*)
                0x0000000000007b58                __exidx_end = .
                0x0000000000007b58                _etext = .

.data_RAM2      0x0000000020004000        0x0 load address 0x0000000000007b58
 FILL mask 0xff
 *(.data.$RAM2*)
 *(.data.$RamUsb2*)
                0x0000000020004000                . = ALIGN (0x4)

.uninit_RESERVED
                0x0000000010000000        0x0
 *(.bss.$RESERVED*)
                0x0000000010000000                . = ALIGN (0x4)
                0x0000000010000000                _end_uninit_RESERVED = .

.data           0x0000000010000000        0x4 load address 0x0000000000007b58
 FILL mask 0xff
                0x0000000010000000                _data = .
 *(vtable)
 *(.data*)
 .data.Stat     0x0000000010000000        0x1 ./src/SDCard/src/mmc.o
                0x0000000010000004                . = ALIGN (0x4)
 *fill*         0x0000000010000001        0x3 ff
                0x0000000010000004                _edata = .

.bss_RAM2       0x0000000020004000        0x0
 *(.bss.$RAM2*)
 *(.bss.$RamUsb2*)
                0x0000000020004000                . = ALIGN (0x4)

.bss            0x0000000010000004      0x6e0
                0x0000000010000004                _bss = .
 *(.bss*)
 .bss.flex_int1_counter
                0x0000000010000004        0x4 ./src/lib/gpio.o
                0x0000000010000004                flex_int1_counter
 .bss.flex_int2_counter
                0x0000000010000008        0x4 ./src/lib/gpio.o
                0x0000000010000008                flex_int2_counter
 .bss.flex_int3_counter
                0x000000001000000c        0x4 ./src/lib/gpio.o
                0x000000001000000c                flex_int3_counter
 .bss.flex_int4_counter
                0x0000000010000010        0x4 ./src/lib/gpio.o
                0x0000000010000010                flex_int4_counter
 .bss.flex_int5_counter
                0x0000000010000014        0x4 ./src/lib/gpio.o
                0x0000000010000014                flex_int5_counter
 .bss.flex_int6_counter
                0x0000000010000018        0x4 ./src/lib/gpio.o
                0x0000000010000018                flex_int6_counter
 .bss.flex_int7_counter
                0x000000001000001c        0x4 ./src/lib/gpio.o
                0x000000001000001c                flex_int7_counter
 .bss.gint0_counter
                0x0000000010000020        0x4 ./src/lib/gpio.o
                0x0000000010000020                gint0_counter
 .bss.gint1_counter
                0x0000000010000024        0x4 ./src/lib/gpio.o
                0x0000000010000024                gint1_counter
 .bss.flex_int1_level_counter
                0x0000000010000028        0x4 ./src/lib/gpio.o
                0x0000000010000028                flex_int1_level_counter
 .bss.flex_int1_rising_edge_counter
                0x000000001000002c        0x4 ./src/lib/gpio.o
                0x000000001000002c                flex_int1_rising_edge_counter
 .bss.flex_int1_falling_edge_counter
                0x0000000010000030        0x4 ./src/lib/gpio.o
                0x0000000010000030                flex_int1_falling_edge_counter
 .bss.flex_int2_level_counter
                0x0000000010000034        0x4 ./src/lib/gpio.o
                0x0000000010000034                flex_int2_level_counter
 .bss.flex_int2_rising_edge_counter
                0x0000000010000038        0x4 ./src/lib/gpio.o
                0x0000000010000038                flex_int2_rising_edge_counter
 .bss.flex_int2_falling_edge_counter
                0x000000001000003c        0x4 ./src/lib/gpio.o
                0x000000001000003c                flex_int2_falling_edge_counter
 .bss.flex_int3_level_counter
                0x0000000010000040        0x4 ./src/lib/gpio.o
                0x0000000010000040                flex_int3_level_counter
 .bss.flex_int3_rising_edge_counter
                0x0000000010000044        0x4 ./src/lib/gpio.o
                0x0000000010000044                flex_int3_rising_edge_counter
 .bss.flex_int3_falling_edge_counter
                0x0000000010000048        0x4 ./src/lib/gpio.o
                0x0000000010000048                flex_int3_falling_edge_counter
 .bss.flex_int4_level_counter
                0x000000001000004c        0x4 ./src/lib/gpio.o
                0x000000001000004c                flex_int4_level_counter
 .bss.flex_int4_rising_edge_counter
                0x0000000010000050        0x4 ./src/lib/gpio.o
                0x0000000010000050                flex_int4_rising_edge_counter
 .bss.flex_int4_falling_edge_counter
                0x0000000010000054        0x4 ./src/lib/gpio.o
                0x0000000010000054                flex_int4_falling_edge_counter
 .bss.flex_int5_level_counter
                0x0000000010000058        0x4 ./src/lib/gpio.o
                0x0000000010000058                flex_int5_level_counter
 .bss.flex_int5_rising_edge_counter
                0x000000001000005c        0x4 ./src/lib/gpio.o
                0x000000001000005c                flex_int5_rising_edge_counter
 .bss.flex_int5_falling_edge_counter
                0x0000000010000060        0x4 ./src/lib/gpio.o
                0x0000000010000060                flex_int5_falling_edge_counter
 .bss.flex_int6_level_counter
                0x0000000010000064        0x4 ./src/lib/gpio.o
                0x0000000010000064                flex_int6_level_counter
 .bss.flex_int6_rising_edge_counter
                0x0000000010000068        0x4 ./src/lib/gpio.o
                0x0000000010000068                flex_int6_rising_edge_counter
 .bss.flex_int6_falling_edge_counter
                0x000000001000006c        0x4 ./src/lib/gpio.o
                0x000000001000006c                flex_int6_falling_edge_counter
 .bss.flex_int7_level_counter
                0x0000000010000070        0x4 ./src/lib/gpio.o
                0x0000000010000070                flex_int7_level_counter
 .bss.flex_int7_rising_edge_counter
                0x0000000010000074        0x4 ./src/lib/gpio.o
                0x0000000010000074                flex_int7_rising_edge_counter
 .bss.flex_int7_falling_edge_counter
                0x0000000010000078        0x4 ./src/lib/gpio.o
                0x0000000010000078                flex_int7_falling_edge_counter
 .bss.gint0_level_counter
                0x000000001000007c        0x4 ./src/lib/gpio.o
                0x000000001000007c                gint0_level_counter
 .bss.gint0_edge_counter
                0x0000000010000080        0x4 ./src/lib/gpio.o
                0x0000000010000080                gint0_edge_counter
 .bss.gint1_level_counter
                0x0000000010000084        0x4 ./src/lib/gpio.o
                0x0000000010000084                gint1_level_counter
 .bss.gint1_edge_counter
                0x0000000010000088        0x4 ./src/lib/gpio.o
                0x0000000010000088                gint1_edge_counter
 .bss.I2CMasterState
                0x000000001000008c        0x4 ./src/lib/i2c.o
                0x000000001000008c                I2CMasterState
 .bss.RdIndex   0x0000000010000090        0x4 ./src/lib/i2c.o
                0x0000000010000090                RdIndex
 .bss.WrIndex   0x0000000010000094        0x4 ./src/lib/i2c.o
                0x0000000010000094                WrIndex
 .bss.timer16_0_counter
                0x0000000010000098        0x4 ./src/lib/timer16.o
                0x0000000010000098                timer16_0_counter
 .bss.timer16_0_capture
                0x000000001000009c        0x4 ./src/lib/timer16.o
                0x000000001000009c                timer16_0_capture
 .bss.FatFs     0x00000000100000a0        0x4 ./src/SDCard/src/ff.o
 .bss.Fsid      0x00000000100000a4        0x2 ./src/SDCard/src/ff.o
 .bss.CardType  0x00000000100000a6        0x1 ./src/SDCard/src/mmc.o
 *fill*         0x00000000100000a7        0x1 00
 .bss.errno     0x00000000100000a8        0x4 /Applications/LPCXpresso/lpcxpresso/tools/bin/../lib/gcc/arm-none-eabi/4.6.2/../../../../arm-none-eabi/lib/armv6-m/libcr_c.a(errno.o)
                0x00000000100000a8                errno
 *(COMMON)
 COMMON         0x00000000100000ac       0x18 ./src/lib/i2c.o
                0x00000000100000ac                I2CReadLength
                0x00000000100000b0                I2CSlaveBuffer
                0x00000000100000b8                I2CMasterBuffer
                0x00000000100000c0                I2CWriteLength
 COMMON         0x00000000100000c4      0x4d4 ./src/main.o
                0x00000000100000c4                Fatfs
                0x00000000100002f4                Buff
                0x0000000010000374                Fil
 COMMON         0x0000000010000598        0x4 /Applications/LPCXpresso/lpcxpresso/tools/bin/../lib/gcc/arm-none-eabi/4.6.2/../../../../arm-none-eabi/lib/armv6-m/libcr_c.a(initio.o)
                0x0000000010000598                _extra
 COMMON         0x000000001000059c      0x140 /Applications/LPCXpresso/lpcxpresso/tools/bin/../lib/gcc/arm-none-eabi/4.6.2/../../../../arm-none-eabi/lib/armv6-m/libcr_c.a(stdio.o)
                0x000000001000059c                __Ciob
 COMMON         0x00000000100006dc        0x8 /Applications/LPCXpresso/lpcxpresso/tools/bin/../lib/gcc/arm-none-eabi/4.6.2/../../../../arm-none-eabi/lib/armv6-m/libcr_c.a(__init_alloc.o)
                0x00000000100006dc                __heaps
                0x00000000100006e0                __end_of_heap
                0x00000000100006e4                . = ALIGN (0x4)
                0x00000000100006e4                _ebss = .
                0x00000000100006e4                PROVIDE (end, .)

.noinit_RAM2    0x0000000020004000        0x0
 *(.noinit.$RAM2*)
 *(.noinit.$RamUsb2*)
                0x0000000020004000                . = ALIGN (0x4)

.noinit         0x00000000100006e4        0x0
                0x00000000100006e4                _noinit = .
 *(.noinit*)
                0x00000000100006e4                . = ALIGN (0x4)
                0x00000000100006e4                _end_noinit = .
                0x00000000100006e4                PROVIDE (_pvHeapStart, .)
                0x0000000010001000                PROVIDE (_vStackTop, (__top_RamLoc4 - 0x0))
OUTPUT(DragonFire(SemiHosting).axf elf32-littlearm)

.debug_info     0x0000000000000000     0x6c90
 .debug_info    0x0000000000000000       0x75 ./src/lib/delay.o
 .debug_info    0x0000000000000075     0x17ed ./src/lib/gpio.o
 .debug_info    0x0000000000001862      0xef8 ./src/lib/i2c.o
 .debug_info    0x000000000000275a      0xa0b ./src/lib/ssp.o
 .debug_info    0x0000000000003165      0xab2 ./src/lib/timer16.o
 .debug_info    0x0000000000003c17     0x17b6 ./src/SDCard/src/ff.o
 .debug_info    0x00000000000053cd      0x575 ./src/SDCard/src/mmc.o
 .debug_info    0x0000000000005942      0x5b7 ./src/MEMS/MPU_6050.o
 .debug_info    0x0000000000005ef9      0x296 ./src/cr_startup_lpc11u.o
 .debug_info    0x000000000000618f      0x52d ./src/main.o
 .debug_info    0x00000000000066bc      0x5d4 /Users/steven/Desktop/DragonFire/Projects/Embedded/DragonFireV2/CMSISv2p00_LPC11Uxx/Debug/libCMSISv2p00_LPC11Uxx.a(system_LPC11Uxx.o)

.debug_abbrev   0x0000000000000000      0xf2f
 .debug_abbrev  0x0000000000000000       0x67 ./src/lib/delay.o
 .debug_abbrev  0x0000000000000067      0x251 ./src/lib/gpio.o
 .debug_abbrev  0x00000000000002b8      0x1f5 ./src/lib/i2c.o
 .debug_abbrev  0x00000000000004ad      0x126 ./src/lib/ssp.o
 .debug_abbrev  0x00000000000005d3      0x18c ./src/lib/timer16.o
 .debug_abbrev  0x000000000000075f      0x184 ./src/SDCard/src/ff.o
 .debug_abbrev  0x00000000000008e3      0x16d ./src/SDCard/src/mmc.o
 .debug_abbrev  0x0000000000000a50      0x172 ./src/MEMS/MPU_6050.o
 .debug_abbrev  0x0000000000000bc2      0x116 ./src/cr_startup_lpc11u.o
 .debug_abbrev  0x0000000000000cd8      0x15e ./src/main.o
 .debug_abbrev  0x0000000000000e36       0xf9 /Users/steven/Desktop/DragonFire/Projects/Embedded/DragonFireV2/CMSISv2p00_LPC11Uxx/Debug/libCMSISv2p00_LPC11Uxx.a(system_LPC11Uxx.o)

.debug_loc      0x0000000000000000     0x1bd9
 .debug_loc     0x0000000000000000       0x38 ./src/lib/delay.o
 .debug_loc     0x0000000000000038      0x492 ./src/lib/gpio.o
 .debug_loc     0x00000000000004ca      0x1e0 ./src/lib/i2c.o
 .debug_loc     0x00000000000006aa       0x9c ./src/lib/ssp.o
 .debug_loc     0x0000000000000746      0x19c ./src/lib/timer16.o
 .debug_loc     0x00000000000008e2      0x97c ./src/SDCard/src/ff.o
 .debug_loc     0x000000000000125e      0x330 ./src/SDCard/src/mmc.o
 .debug_loc     0x000000000000158e      0x2c0 ./src/MEMS/MPU_6050.o
 .debug_loc     0x000000000000184e      0x28f ./src/cr_startup_lpc11u.o
 .debug_loc     0x0000000000001add       0x72 ./src/main.o
 .debug_loc     0x0000000000001b4f       0x8a /Users/steven/Desktop/DragonFire/Projects/Embedded/DragonFireV2/CMSISv2p00_LPC11Uxx/Debug/libCMSISv2p00_LPC11Uxx.a(system_LPC11Uxx.o)

.debug_aranges  0x0000000000000000      0x508
 .debug_aranges
                0x0000000000000000       0x20 ./src/lib/delay.o
 .debug_aranges
                0x0000000000000020       0xd0 ./src/lib/gpio.o
 .debug_aranges
                0x00000000000000f0       0x60 ./src/lib/i2c.o
 .debug_aranges
                0x0000000000000150       0x30 ./src/lib/ssp.o
 .debug_aranges
                0x0000000000000180       0x58 ./src/lib/timer16.o
 .debug_aranges
                0x00000000000001d8      0x170 ./src/SDCard/src/ff.o
 .debug_aranges
                0x0000000000000348       0x90 ./src/SDCard/src/mmc.o
 .debug_aranges
                0x00000000000003d8       0x80 ./src/MEMS/MPU_6050.o
 .debug_aranges
                0x0000000000000458       0x60 ./src/cr_startup_lpc11u.o
 .debug_aranges
                0x00000000000004b8       0x28 ./src/main.o
 .debug_aranges
                0x00000000000004e0       0x28 /Users/steven/Desktop/DragonFire/Projects/Embedded/DragonFireV2/CMSISv2p00_LPC11Uxx/Debug/libCMSISv2p00_LPC11Uxx.a(system_LPC11Uxx.o)

.debug_ranges   0x0000000000000000      0x458
 .debug_ranges  0x0000000000000000       0x10 ./src/lib/delay.o
 .debug_ranges  0x0000000000000010       0xc0 ./src/lib/gpio.o
 .debug_ranges  0x00000000000000d0       0x50 ./src/lib/i2c.o
 .debug_ranges  0x0000000000000120       0x20 ./src/lib/ssp.o
 .debug_ranges  0x0000000000000140       0x48 ./src/lib/timer16.o
 .debug_ranges  0x0000000000000188      0x160 ./src/SDCard/src/ff.o
 .debug_ranges  0x00000000000002e8       0x80 ./src/SDCard/src/mmc.o
 .debug_ranges  0x0000000000000368       0x70 ./src/MEMS/MPU_6050.o
 .debug_ranges  0x00000000000003d8       0x50 ./src/cr_startup_lpc11u.o
 .debug_ranges  0x0000000000000428       0x18 ./src/main.o
 .debug_ranges  0x0000000000000440       0x18 /Users/steven/Desktop/DragonFire/Projects/Embedded/DragonFireV2/CMSISv2p00_LPC11Uxx/Debug/libCMSISv2p00_LPC11Uxx.a(system_LPC11Uxx.o)

.debug_line     0x0000000000000000     0x3f5e
 .debug_line    0x0000000000000000       0x5d ./src/lib/delay.o
 .debug_line    0x000000000000005d      0x78d ./src/lib/gpio.o
 .debug_line    0x00000000000007ea      0x4f6 ./src/lib/i2c.o
 .debug_line    0x0000000000000ce0      0x408 ./src/lib/ssp.o
 .debug_line    0x00000000000010e8      0x5b2 ./src/lib/timer16.o
 .debug_line    0x000000000000169a      0xf10 ./src/SDCard/src/ff.o
 .debug_line    0x00000000000025aa      0x68f ./src/SDCard/src/mmc.o
 .debug_line    0x0000000000002c39      0x548 ./src/MEMS/MPU_6050.o
 .debug_line    0x0000000000003181      0x3e9 ./src/cr_startup_lpc11u.o
 .debug_line    0x000000000000356a      0x620 ./src/main.o
 .debug_line    0x0000000000003b8a      0x3d4 /Users/steven/Desktop/DragonFire/Projects/Embedded/DragonFireV2/CMSISv2p00_LPC11Uxx/Debug/libCMSISv2p00_LPC11Uxx.a(system_LPC11Uxx.o)

.debug_macinfo  0x0000000000000000    0x3a88c
 .debug_macinfo
                0x0000000000000000     0x222a ./src/lib/delay.o
 .debug_macinfo
                0x000000000000222a     0x6464 ./src/lib/gpio.o
 .debug_macinfo
                0x000000000000868e     0x553f ./src/lib/i2c.o
 .debug_macinfo
                0x000000000000dbcd     0x5403 ./src/lib/ssp.o
 .debug_macinfo
                0x0000000000012fd0     0x64f0 ./src/lib/timer16.o
 .debug_macinfo
                0x00000000000194c0     0x4c4a ./src/SDCard/src/ff.o
 .debug_macinfo
                0x000000000001e10a     0x5cfc ./src/SDCard/src/mmc.o
 .debug_macinfo
                0x0000000000023e06     0x5b6f ./src/MEMS/MPU_6050.o
 .debug_macinfo
                0x0000000000029975     0x522b ./src/cr_startup_lpc11u.o
 .debug_macinfo
                0x000000000002eba0     0x681a ./src/main.o
 .debug_macinfo
                0x00000000000353ba     0x54d2 /Users/steven/Desktop/DragonFire/Projects/Embedded/DragonFireV2/CMSISv2p00_LPC11Uxx/Debug/libCMSISv2p00_LPC11Uxx.a(system_LPC11Uxx.o)

.debug_str      0x0000000000000000     0x1969
 .debug_str     0x0000000000000000       0xa8 ./src/lib/delay.o
 .debug_str     0x00000000000000a8      0xdf0 ./src/lib/gpio.o
                                        0xeaf (size before relaxing)
 .debug_str     0x0000000000000e98      0x36d ./src/lib/i2c.o
                                        0x959 (size before relaxing)
 .debug_str     0x0000000000001205       0x50 ./src/lib/ssp.o
                                        0x5ab (size before relaxing)
 .debug_str     0x0000000000001255      0x12b ./src/lib/timer16.o
                                        0x72b (size before relaxing)
 .debug_str     0x0000000000001380      0x272 ./src/SDCard/src/ff.o
                                        0x5e3 (size before relaxing)
 .debug_str     0x00000000000015f2       0xdd ./src/SDCard/src/mmc.o
                                        0x25c (size before relaxing)
 .debug_str     0x00000000000016cf       0x9b ./src/MEMS/MPU_6050.o
                                        0x497 (size before relaxing)
 .debug_str     0x000000000000176a      0x12f ./src/cr_startup_lpc11u.o
                                        0x236 (size before relaxing)
 .debug_str     0x0000000000001899       0x2e ./src/main.o
                                        0x3a1 (size before relaxing)
 .debug_str     0x00000000000018c7       0xa2 /Users/steven/Desktop/DragonFire/Projects/Embedded/DragonFireV2/CMSISv2p00_LPC11Uxx/Debug/libCMSISv2p00_LPC11Uxx.a(system_LPC11Uxx.o)
                                        0x3e1 (size before relaxing)

.comment        0x0000000000000000       0xe0
 .comment       0x0000000000000000       0x70 ./src/lib/delay.o
                                         0x71 (size before relaxing)
 .comment       0x0000000000000000       0x71 ./src/lib/gpio.o
 .comment       0x0000000000000000       0x71 ./src/lib/i2c.o
 .comment       0x0000000000000000       0x71 ./src/lib/ssp.o
 .comment       0x0000000000000000       0x71 ./src/lib/timer16.o
 .comment       0x0000000000000000       0x71 ./src/SDCard/src/ff.o
 .comment       0x0000000000000000       0x71 ./src/SDCard/src/mmc.o
 .comment       0x0000000000000000       0x71 ./src/MEMS/MPU_6050.o
 .comment       0x0000000000000000       0x71 ./src/cr_startup_lpc11u.o
 .comment       0x0000000000000000       0x71 ./src/main.o
 .comment       0x0000000000000000       0x71 /Users/steven/Desktop/DragonFire/Projects/Embedded/DragonFireV2/CMSISv2p00_LPC11Uxx/Debug/libCMSISv2p00_LPC11Uxx.a(system_LPC11Uxx.o)
 .comment       0x0000000000000070       0x70 /Applications/LPCXpresso/lpcxpresso/tools/bin/../lib/gcc/arm-none-eabi/4.6.2/../../../../arm-none-eabi/lib/armv6-m/libcr_semihost.a(_cr__main.o)
                                         0x71 (size before relaxing)
 .comment       0x0000000000000000       0x71 /Applications/LPCXpresso/lpcxpresso/tools/bin/../lib/gcc/arm-none-eabi/4.6.2/../../../../arm-none-eabi/lib/armv6-m/libcr_c.a(fpprintf.o)
 .comment       0x0000000000000000       0x71 /Applications/LPCXpresso/lpcxpresso/tools/bin/../lib/gcc/arm-none-eabi/4.6.2/../../../../arm-none-eabi/lib/armv6-m/libcr_c.a(initio.o)
 .comment       0x0000000000000000       0x71 /Applications/LPCXpresso/lpcxpresso/tools/bin/../lib/gcc/arm-none-eabi/4.6.2/../../../../arm-none-eabi/lib/armv6-m/libcr_c.a(itoa.o)
 .comment       0x0000000000000000       0x71 /Applications/LPCXpresso/lpcxpresso/tools/bin/../lib/gcc/arm-none-eabi/4.6.2/../../../../arm-none-eabi/lib/armv6-m/libcr_c.a(printf.o)
 .comment       0x0000000000000000       0x71 /Applications/LPCXpresso/lpcxpresso/tools/bin/../lib/gcc/arm-none-eabi/4.6.2/../../../../arm-none-eabi/lib/armv6-m/libcr_c.a(setvbuf.o)
 .comment       0x0000000000000000       0x71 /Applications/LPCXpresso/lpcxpresso/tools/bin/../lib/gcc/arm-none-eabi/4.6.2/../../../../arm-none-eabi/lib/armv6-m/libcr_c.a(stdio.o)
 .comment       0x0000000000000000       0x71 /Applications/LPCXpresso/lpcxpresso/tools/bin/../lib/gcc/arm-none-eabi/4.6.2/../../../../arm-none-eabi/lib/armv6-m/libcr_c.a(strlen.o)
 .comment       0x0000000000000000       0x71 /Applications/LPCXpresso/lpcxpresso/tools/bin/../lib/gcc/arm-none-eabi/4.6.2/../../../../arm-none-eabi/lib/armv6-m/libcr_c.a(memset.o)
 .comment       0x0000000000000000       0x71 /Applications/LPCXpresso/lpcxpresso/tools/bin/../lib/gcc/arm-none-eabi/4.6.2/../../../../arm-none-eabi/lib/armv6-m/libcr_c.a(__fillbuf.o)
 .comment       0x0000000000000000       0x71 /Applications/LPCXpresso/lpcxpresso/tools/bin/../lib/gcc/arm-none-eabi/4.6.2/../../../../arm-none-eabi/lib/armv6-m/libcr_c.a(_deferredlazyseek.o)
 .comment       0x0000000000000000       0x71 /Applications/LPCXpresso/lpcxpresso/tools/bin/../lib/gcc/arm-none-eabi/4.6.2/../../../../arm-none-eabi/lib/armv6-m/libcr_c.a(_fdopen.o)
 .comment       0x0000000000000000       0x71 /Applications/LPCXpresso/lpcxpresso/tools/bin/../lib/gcc/arm-none-eabi/4.6.2/../../../../arm-none-eabi/lib/armv6-m/libcr_c.a(_fflush.o)
 .comment       0x0000000000000000       0x71 /Applications/LPCXpresso/lpcxpresso/tools/bin/../lib/gcc/arm-none-eabi/4.6.2/../../../../arm-none-eabi/lib/armv6-m/libcr_c.a(_frexpl.o)
 .comment       0x0000000000000000       0x71 /Applications/LPCXpresso/lpcxpresso/tools/bin/../lib/gcc/arm-none-eabi/4.6.2/../../../../arm-none-eabi/lib/armv6-m/libcr_c.a(_ldexpl.o)
 .comment       0x0000000000000000       0x71 /Applications/LPCXpresso/lpcxpresso/tools/bin/../lib/gcc/arm-none-eabi/4.6.2/../../../../arm-none-eabi/lib/armv6-m/libcr_c.a(_writebuf.o)
 .comment       0x0000000000000000       0x71 /Applications/LPCXpresso/lpcxpresso/tools/bin/../lib/gcc/arm-none-eabi/4.6.2/../../../../arm-none-eabi/lib/armv6-m/libcr_c.a(alloc.o)
 .comment       0x0000000000000000       0x71 /Applications/LPCXpresso/lpcxpresso/tools/bin/../lib/gcc/arm-none-eabi/4.6.2/../../../../arm-none-eabi/lib/armv6-m/libcr_c.a(errno.o)
 .comment       0x0000000000000000       0x71 /Applications/LPCXpresso/lpcxpresso/tools/bin/../lib/gcc/arm-none-eabi/4.6.2/../../../../arm-none-eabi/lib/armv6-m/libcr_c.a(fclose.o)
 .comment       0x0000000000000000       0x71 /Applications/LPCXpresso/lpcxpresso/tools/bin/../lib/gcc/arm-none-eabi/4.6.2/../../../../arm-none-eabi/lib/armv6-m/libcr_c.a(fflush.o)
 .comment       0x0000000000000000       0x71 /Applications/LPCXpresso/lpcxpresso/tools/bin/../lib/gcc/arm-none-eabi/4.6.2/../../../../arm-none-eabi/lib/armv6-m/libcr_c.a(fseek.o)
 .comment       0x0000000000000000       0x71 /Applications/LPCXpresso/lpcxpresso/tools/bin/../lib/gcc/arm-none-eabi/4.6.2/../../../../arm-none-eabi/lib/armv6-m/libcr_c.a(ftell.o)
 .comment       0x0000000000000000       0x71 /Applications/LPCXpresso/lpcxpresso/tools/bin/../lib/gcc/arm-none-eabi/4.6.2/../../../../arm-none-eabi/lib/armv6-m/libcr_c.a(remove.o)
 .comment       0x0000000000000000       0x71 /Applications/LPCXpresso/lpcxpresso/tools/bin/../lib/gcc/arm-none-eabi/4.6.2/../../../../arm-none-eabi/lib/armv6-m/libcr_c.a(memcpy.o)
 .comment       0x0000000000000000       0x71 /Applications/LPCXpresso/lpcxpresso/tools/bin/../lib/gcc/arm-none-eabi/4.6.2/../../../../arm-none-eabi/lib/armv6-m/libcr_c.a(__init_alloc.o)
 .comment       0x0000000000000000       0x71 /Applications/LPCXpresso/lpcxpresso/tools/bin/../lib/gcc/arm-none-eabi/4.6.2/../../../../arm-none-eabi/lib/armv6-m/libcr_c.a(_do_fflush.o)
 .comment       0x0000000000000000       0x71 /Applications/LPCXpresso/lpcxpresso/tools/bin/../lib/gcc/arm-none-eabi/4.6.2/../../../../arm-none-eabi/lib/armv6-m/libcr_c.a(_hugeval.o)
 .comment       0x0000000000000000       0x71 /Applications/LPCXpresso/lpcxpresso/tools/bin/../lib/gcc/arm-none-eabi/4.6.2/armv6-m/libcr_eabihelpers.a(double.o)
 .comment       0x0000000000000000       0x71 /Applications/LPCXpresso/lpcxpresso/tools/bin/../lib/gcc/arm-none-eabi/4.6.2/../../../../arm-none-eabi/lib/armv6-m/libcr_semihost.a(_cr_sbrk.o)
 .comment       0x0000000000000000       0x71 /Applications/LPCXpresso/lpcxpresso/tools/bin/../lib/gcc/arm-none-eabi/4.6.2/../../../../arm-none-eabi/lib/armv6-m/libcr_semihost.a(_cr_check_heap.o)

.ARM.attributes
                0x0000000000000000       0x2f
 .ARM.attributes
                0x0000000000000000       0x33 ./src/lib/delay.o
 .ARM.attributes
                0x0000000000000033       0x33 ./src/lib/gpio.o
 .ARM.attributes
                0x0000000000000066       0x33 ./src/lib/i2c.o
 .ARM.attributes
                0x0000000000000099       0x33 ./src/lib/ssp.o
 .ARM.attributes
                0x00000000000000cc       0x33 ./src/lib/timer16.o
 .ARM.attributes
                0x00000000000000ff       0x33 ./src/SDCard/src/ff.o
 .ARM.attributes
                0x0000000000000132       0x33 ./src/SDCard/src/mmc.o
 .ARM.attributes
                0x0000000000000165       0x33 ./src/MEMS/MPU_6050.o
 .ARM.attributes
                0x0000000000000198       0x33 ./src/cr_startup_lpc11u.o
 .ARM.attributes
                0x00000000000001cb       0x33 ./src/main.o
 .ARM.attributes
                0x00000000000001fe       0x33 /Users/steven/Desktop/DragonFire/Projects/Embedded/DragonFireV2/CMSISv2p00_LPC11Uxx/Debug/libCMSISv2p00_LPC11Uxx.a(system_LPC11Uxx.o)
 .ARM.attributes
                0x0000000000000231       0x31 /Applications/LPCXpresso/lpcxpresso/tools/bin/../lib/gcc/arm-none-eabi/4.6.2/../../../../arm-none-eabi/lib/armv6-m/libcr_semihost.a(_cr__main.o)
 .ARM.attributes
                0x0000000000000262       0x31 /Applications/LPCXpresso/lpcxpresso/tools/bin/../lib/gcc/arm-none-eabi/4.6.2/../../../../arm-none-eabi/lib/armv6-m/libcr_c.a(fpprintf.o)
 .ARM.attributes
                0x0000000000000293       0x31 /Applications/LPCXpresso/lpcxpresso/tools/bin/../lib/gcc/arm-none-eabi/4.6.2/../../../../arm-none-eabi/lib/armv6-m/libcr_c.a(initio.o)
 .ARM.attributes
                0x00000000000002c4       0x31 /Applications/LPCXpresso/lpcxpresso/tools/bin/../lib/gcc/arm-none-eabi/4.6.2/../../../../arm-none-eabi/lib/armv6-m/libcr_c.a(itoa.o)
 .ARM.attributes
                0x00000000000002f5       0x31 /Applications/LPCXpresso/lpcxpresso/tools/bin/../lib/gcc/arm-none-eabi/4.6.2/../../../../arm-none-eabi/lib/armv6-m/libcr_c.a(printf.o)
 .ARM.attributes
                0x0000000000000326       0x31 /Applications/LPCXpresso/lpcxpresso/tools/bin/../lib/gcc/arm-none-eabi/4.6.2/../../../../arm-none-eabi/lib/armv6-m/libcr_c.a(setvbuf.o)
 .ARM.attributes
                0x0000000000000357       0x31 /Applications/LPCXpresso/lpcxpresso/tools/bin/../lib/gcc/arm-none-eabi/4.6.2/../../../../arm-none-eabi/lib/armv6-m/libcr_c.a(stdio.o)
 .ARM.attributes
                0x0000000000000388       0x31 /Applications/LPCXpresso/lpcxpresso/tools/bin/../lib/gcc/arm-none-eabi/4.6.2/../../../../arm-none-eabi/lib/armv6-m/libcr_c.a(strlen.o)
 .ARM.attributes
                0x00000000000003b9       0x31 /Applications/LPCXpresso/lpcxpresso/tools/bin/../lib/gcc/arm-none-eabi/4.6.2/../../../../arm-none-eabi/lib/armv6-m/libcr_c.a(memset.o)
 .ARM.attributes
                0x00000000000003ea       0x31 /Applications/LPCXpresso/lpcxpresso/tools/bin/../lib/gcc/arm-none-eabi/4.6.2/../../../../arm-none-eabi/lib/armv6-m/libcr_c.a(__fillbuf.o)
 .ARM.attributes
                0x000000000000041b       0x31 /Applications/LPCXpresso/lpcxpresso/tools/bin/../lib/gcc/arm-none-eabi/4.6.2/../../../../arm-none-eabi/lib/armv6-m/libcr_c.a(_deferredlazyseek.o)
 .ARM.attributes
                0x000000000000044c       0x31 /Applications/LPCXpresso/lpcxpresso/tools/bin/../lib/gcc/arm-none-eabi/4.6.2/../../../../arm-none-eabi/lib/armv6-m/libcr_c.a(_fdopen.o)
 .ARM.attributes
                0x000000000000047d       0x31 /Applications/LPCXpresso/lpcxpresso/tools/bin/../lib/gcc/arm-none-eabi/4.6.2/../../../../arm-none-eabi/lib/armv6-m/libcr_c.a(_fflush.o)
 .ARM.attributes
                0x00000000000004ae       0x31 /Applications/LPCXpresso/lpcxpresso/tools/bin/../lib/gcc/arm-none-eabi/4.6.2/../../../../arm-none-eabi/lib/armv6-m/libcr_c.a(_frexpl.o)
 .ARM.attributes
                0x00000000000004df       0x31 /Applications/LPCXpresso/lpcxpresso/tools/bin/../lib/gcc/arm-none-eabi/4.6.2/../../../../arm-none-eabi/lib/armv6-m/libcr_c.a(_ldexpl.o)
 .ARM.attributes
                0x0000000000000510       0x31 /Applications/LPCXpresso/lpcxpresso/tools/bin/../lib/gcc/arm-none-eabi/4.6.2/../../../../arm-none-eabi/lib/armv6-m/libcr_c.a(_writebuf.o)
 .ARM.attributes
                0x0000000000000541       0x31 /Applications/LPCXpresso/lpcxpresso/tools/bin/../lib/gcc/arm-none-eabi/4.6.2/../../../../arm-none-eabi/lib/armv6-m/libcr_c.a(alloc.o)
 .ARM.attributes
                0x0000000000000572       0x31 /Applications/LPCXpresso/lpcxpresso/tools/bin/../lib/gcc/arm-none-eabi/4.6.2/../../../../arm-none-eabi/lib/armv6-m/libcr_c.a(errno.o)
 .ARM.attributes
                0x00000000000005a3       0x31 /Applications/LPCXpresso/lpcxpresso/tools/bin/../lib/gcc/arm-none-eabi/4.6.2/../../../../arm-none-eabi/lib/armv6-m/libcr_c.a(fclose.o)
 .ARM.attributes
                0x00000000000005d4       0x31 /Applications/LPCXpresso/lpcxpresso/tools/bin/../lib/gcc/arm-none-eabi/4.6.2/../../../../arm-none-eabi/lib/armv6-m/libcr_c.a(fflush.o)
 .ARM.attributes
                0x0000000000000605       0x31 /Applications/LPCXpresso/lpcxpresso/tools/bin/../lib/gcc/arm-none-eabi/4.6.2/../../../../arm-none-eabi/lib/armv6-m/libcr_c.a(fseek.o)
 .ARM.attributes
                0x0000000000000636       0x31 /Applications/LPCXpresso/lpcxpresso/tools/bin/../lib/gcc/arm-none-eabi/4.6.2/../../../../arm-none-eabi/lib/armv6-m/libcr_c.a(ftell.o)
 .ARM.attributes
                0x0000000000000667       0x31 /Applications/LPCXpresso/lpcxpresso/tools/bin/../lib/gcc/arm-none-eabi/4.6.2/../../../../arm-none-eabi/lib/armv6-m/libcr_c.a(remove.o)
 .ARM.attributes
                0x0000000000000698       0x31 /Applications/LPCXpresso/lpcxpresso/tools/bin/../lib/gcc/arm-none-eabi/4.6.2/../../../../arm-none-eabi/lib/armv6-m/libcr_c.a(memcpy.o)
 .ARM.attributes
                0x00000000000006c9       0x31 /Applications/LPCXpresso/lpcxpresso/tools/bin/../lib/gcc/arm-none-eabi/4.6.2/../../../../arm-none-eabi/lib/armv6-m/libcr_c.a(__init_alloc.o)
 .ARM.attributes
                0x00000000000006fa       0x31 /Applications/LPCXpresso/lpcxpresso/tools/bin/../lib/gcc/arm-none-eabi/4.6.2/../../../../arm-none-eabi/lib/armv6-m/libcr_c.a(_do_fflush.o)
 .ARM.attributes
                0x000000000000072b       0x31 /Applications/LPCXpresso/lpcxpresso/tools/bin/../lib/gcc/arm-none-eabi/4.6.2/../../../../arm-none-eabi/lib/armv6-m/libcr_c.a(_hugeval.o)
 .ARM.attributes
                0x000000000000075c       0x21 /Applications/LPCXpresso/lpcxpresso/tools/bin/../lib/gcc/arm-none-eabi/4.6.2/armv6-m/libcr_eabihelpers.a(division.o)
 .ARM.attributes
                0x000000000000077d       0x31 /Applications/LPCXpresso/lpcxpresso/tools/bin/../lib/gcc/arm-none-eabi/4.6.2/armv6-m/libcr_eabihelpers.a(double.o)
 .ARM.attributes
                0x00000000000007ae       0x21 /Applications/LPCXpresso/lpcxpresso/tools/bin/../lib/gcc/arm-none-eabi/4.6.2/armv6-m/libcr_eabihelpers.a(llong.o)
 .ARM.attributes
                0x00000000000007cf       0x21 /Applications/LPCXpresso/lpcxpresso/tools/bin/../lib/gcc/arm-none-eabi/4.6.2/armv6-m/libcr_eabihelpers.a(memcpy.o)
 .ARM.attributes
                0x00000000000007f0       0x21 /Applications/LPCXpresso/lpcxpresso/tools/bin/../lib/gcc/arm-none-eabi/4.6.2/../../../../arm-none-eabi/lib/armv6-m/libcr_semihost.a(__sys_appexit.o)
 .ARM.attributes
                0x0000000000000811       0x21 /Applications/LPCXpresso/lpcxpresso/tools/bin/../lib/gcc/arm-none-eabi/4.6.2/../../../../arm-none-eabi/lib/armv6-m/libcr_semihost.a(__sys_close.o)
 .ARM.attributes
                0x0000000000000832       0x21 /Applications/LPCXpresso/lpcxpresso/tools/bin/../lib/gcc/arm-none-eabi/4.6.2/../../../../arm-none-eabi/lib/armv6-m/libcr_semihost.a(__sys_flen.o)
 .ARM.attributes
                0x0000000000000853       0x21 /Applications/LPCXpresso/lpcxpresso/tools/bin/../lib/gcc/arm-none-eabi/4.6.2/../../../../arm-none-eabi/lib/armv6-m/libcr_semihost.a(__sys_istty.o)
 .ARM.attributes
                0x0000000000000874       0x21 /Applications/LPCXpresso/lpcxpresso/tools/bin/../lib/gcc/arm-none-eabi/4.6.2/../../../../arm-none-eabi/lib/armv6-m/libcr_semihost.a(__sys_read.o)
 .ARM.attributes
                0x0000000000000895       0x21 /Applications/LPCXpresso/lpcxpresso/tools/bin/../lib/gcc/arm-none-eabi/4.6.2/../../../../arm-none-eabi/lib/armv6-m/libcr_semihost.a(__sys_readc.o)
 .ARM.attributes
                0x00000000000008b6       0x21 /Applications/LPCXpresso/lpcxpresso/tools/bin/../lib/gcc/arm-none-eabi/4.6.2/../../../../arm-none-eabi/lib/armv6-m/libcr_semihost.a(__sys_remove.o)
 .ARM.attributes
                0x00000000000008d7       0x21 /Applications/LPCXpresso/lpcxpresso/tools/bin/../lib/gcc/arm-none-eabi/4.6.2/../../../../arm-none-eabi/lib/armv6-m/libcr_semihost.a(__sys_rename.o)
 .ARM.attributes
                0x00000000000008f8       0x21 /Applications/LPCXpresso/lpcxpresso/tools/bin/../lib/gcc/arm-none-eabi/4.6.2/../../../../arm-none-eabi/lib/armv6-m/libcr_semihost.a(__sys_seek.o)
 .ARM.attributes
                0x0000000000000919       0x21 /Applications/LPCXpresso/lpcxpresso/tools/bin/../lib/gcc/arm-none-eabi/4.6.2/../../../../arm-none-eabi/lib/armv6-m/libcr_semihost.a(__sys_tmpnam.o)
 .ARM.attributes
                0x000000000000093a       0x21 /Applications/LPCXpresso/lpcxpresso/tools/bin/../lib/gcc/arm-none-eabi/4.6.2/../../../../arm-none-eabi/lib/armv6-m/libcr_semihost.a(__sys_write.o)
 .ARM.attributes
                0x000000000000095b       0x31 /Applications/LPCXpresso/lpcxpresso/tools/bin/../lib/gcc/arm-none-eabi/4.6.2/../../../../arm-none-eabi/lib/armv6-m/libcr_semihost.a(_cr_sbrk.o)
 .ARM.attributes
                0x000000000000098c       0x31 /Applications/LPCXpresso/lpcxpresso/tools/bin/../lib/gcc/arm-none-eabi/4.6.2/../../../../arm-none-eabi/lib/armv6-m/libcr_semihost.a(_cr_check_heap.o)

.debug_frame    0x0000000000000000     0x1024
 .debug_frame   0x0000000000000000       0x30 ./src/lib/delay.o
 .debug_frame   0x0000000000000030      0x2c8 ./src/lib/gpio.o
 .debug_frame   0x00000000000002f8      0x12c ./src/lib/i2c.o
 .debug_frame   0x0000000000000424       0x6c ./src/lib/ssp.o
 .debug_frame   0x0000000000000490      0x108 ./src/lib/timer16.o
 .debug_frame   0x0000000000000598      0x570 ./src/SDCard/src/ff.o
 .debug_frame   0x0000000000000b08      0x1e8 ./src/SDCard/src/mmc.o
 .debug_frame   0x0000000000000cf0      0x1ac ./src/MEMS/MPU_6050.o
 .debug_frame   0x0000000000000e9c       0xec ./src/cr_startup_lpc11u.o
 .debug_frame   0x0000000000000f88       0x50 ./src/main.o
 .debug_frame   0x0000000000000fd8       0x4c /Users/steven/Desktop/DragonFire/Projects/Embedded/DragonFireV2/CMSISv2p00_LPC11Uxx/Debug/libCMSISv2p00_LPC11Uxx.a(system_LPC11Uxx.o)
